[www.ecocyclerieyonnaise.fr/index.html]
[www.ecocyclerieyonnaise.fr/vendors/css/normalize.css]
[www.ecocyclerieyonnaise.fr/vendors/css/grid.css]
[www.ecocyclerieyonnaise.fr/vendors/css/ionicons.min.css]
[www.ecocyclerieyonnaise.fr/resources/css/style.css]
[www.ecocyclerieyonnaise.fr/resources/css/queries.css]
[www.ecocyclerieyonnaise.fr/resources/css/animate.css]
[backblue.gif]
[fade.gif]
[index.html]
[ajax.googleapis.com/ajax/libs/jquery/3.1.1/jquery.min.js]
[connect.facebook.net/fr_FR/sdk.js]
[www.ecocyclerieyonnaise.fr/resources/img/logo-ecocyclerie.png]
[www.ecocyclerieyonnaise.fr/resources/img/maison.png]
[www.ecocyclerieyonnaise.fr/resources/img/tennis.png]
[www.ecocyclerieyonnaise.fr/resources/img/radio.png]
[www.ecocyclerieyonnaise.fr/resources/img/produits-vintage.jpg]
[www.ecocyclerieyonnaise.fr/resources/img/bricolage.png]
[www.ecocyclerieyonnaise.fr/resources/img/vetements.png]
[www.ecocyclerieyonnaise.fr/resources/img/coupe.png]
[www.ecocyclerieyonnaise.fr/resources/img/object-insolite.jpg]
[www.ecocyclerieyonnaise.fr/resources/img/01.png]
[www.ecocyclerieyonnaise.fr/resources/img/02.png]
[www.ecocyclerieyonnaise.fr/resources/img/03.png]
[www.ecocyclerieyonnaise.fr/resources/img/04.png]
[www.ecocyclerieyonnaise.fr/resources/img/restauration.png]
[www.ecocyclerieyonnaise.fr/resources/img/relooking.png]
[www.ecocyclerieyonnaise.fr/resources/img/detournements.png]
[www.ecocyclerieyonnaise.fr/resources/img/velo.png]
[www.ecocyclerieyonnaise.fr/resources/img/actu-atelier.jpg]
[www.ecocyclerieyonnaise.fr/resources/img/actu-amenagement.jpg]
[www.ecocyclerieyonnaise.fr/resources/img/actu-cinema.jpg]
[www.ecocyclerieyonnaise.fr/resources/img/partenaire-direccte.jpg]
[www.ecocyclerieyonnaise.fr/resources/img/partenaire-legallais.jpg]
[www.ecocyclerieyonnaise.fr/resources/img/partenaire-aglolaroche2.jpg]
[www.ecocyclerieyonnaise.fr/resources/img/partenaire-vendee.jpg]
[www.ecocyclerieyonnaise.fr/vendors/js/jquery.waypoints.min.js]
[www.ecocyclerieyonnaise.fr/resources/js/script.js]
[www.ecocyclerieyonnaise.fr/index.html]
[www.google-analytics.com/analytics.js]
[fonts.googleapis.com/css041d.css]
[www.ecocyclerieyonnaise.fr/vendors/css/normalize.css]
[www.ecocyclerieyonnaise.fr/vendors/css/grid.css]
[www.ecocyclerieyonnaise.fr/vendors/fonts/ionicons28b5.eot]
[www.ecocyclerieyonnaise.fr/vendors/fonts/ionicons28b5.ttf]
[www.ecocyclerieyonnaise.fr/vendors/fonts/ionicons28b5.woff]
[www.ecocyclerieyonnaise.fr/vendors/css/ionicons.min.css]
[www.ecocyclerieyonnaise.fr/resources/css/img/slider.jpg]
[www.ecocyclerieyonnaise.fr/resources/css/img/header.jpg]
[www.ecocyclerieyonnaise.fr/resources/css/img/atelier.jpg]
[www.ecocyclerieyonnaise.fr/resources/css/style.css]
[www.ecocyclerieyonnaise.fr/resources/css/queries.css]
[www.ecocyclerieyonnaise.fr/resources/css/animate.css]
[connect.facebook.net/fr_FR/sdk.js]
[www.ecocyclerieyonnaise.fr/vendors/fonts/ionicons28b5.svg]
[www.ecocyclerieyonnaise.fr/ABCDEFGHIJKLMNOPQRSTUVWXYZabcdefghijklmnopqrstuvwxyz0123456789+/index.html]
[www.ecocyclerieyonnaise.fr/^([^_/indexd41d.html]
[www.ecocyclerieyonnaise.fr/restserver.html]
[www.ecocyclerieyonnaise.fr/dialog/index.html]
